// Jest Snapshot v1, https://goo.gl/fbAQLP

exports[`ContactListItem should match the contact snapshot 1`] = `
<div
  className="TwakeTheme--light-normal u-dc"
>
  <div
    className="styles__o-layout___3TSz9 styles__o-layout-main-2panes___3ickD"
  >
    <li
      className="MuiListItem-root u-c-pointer medium MuiListItem-gutters makeStyles-gutters-49 makeStyles-gutters-51"
      data-testid="contact-listItem"
      disabled={false}
      onClick={[Function]}
      size="medium"
    >
      <span
        aria-disabled={false}
        className="MuiButtonBase-root MuiIconButton-root PrivateSwitchBase-root-53 MuiCheckbox-root MuiCheckbox-colorPrimary MuiIconButton-colorPrimary"
        onBlur={[Function]}
        onClick={[Function]}
        onDragLeave={[Function]}
        onFocus={[Function]}
        onKeyDown={[Function]}
        onKeyUp={[Function]}
        onMouseDown={[Function]}
        onMouseLeave={[Function]}
        onMouseUp={[Function]}
        onTouchEnd={[Function]}
        onTouchMove={[Function]}
        onTouchStart={[Function]}
        tabIndex={null}
      >
        <span
          className="MuiIconButton-label"
        >
          <input
            aria-checked=""
            aria-label=""
            checked={false}
            className="PrivateSwitchBase-input-56"
            data-indeterminate={false}
            onChange={[Function]}
            readOnly={true}
            type="checkbox"
            value=""
          />
          <svg
            aria-hidden={true}
            className="MuiSvgIcon-root"
            focusable="false"
            viewBox="0 0 24 24"
          >
            <path
              d="M19 5v14H5V5h14m0-2H5c-1.1 0-2 .9-2 2v14c0 1.1.9 2 2 2h14c1.1 0 2-.9 2-2V5c0-1.1-.9-2-2-2z"
            />
          </svg>
        </span>
      </span>
      <div
        className="styles__TableCell___3vgVE styles__contact-identity___1PxJr u-flex u-flex-items-center u-ellipsis u-p-0"
        data-testid="ContactIdentity"
      >
        <div
          className="MuiAvatar-root makeStyles-root-57 makeStyles-root-59 MuiAvatar-circular size-s displayInline MuiAvatar-colorDefault makeStyles-colorDefault-58 makeStyles-colorDefault-60"
        >
          JD
        </div>
        <p
          className="MuiTypography-root u-ml-1 MuiTypography-body1 MuiTypography-colorTextPrimary MuiTypography-noWrap MuiTypography-displayInline"
          data-testid="ContactName"
        >
          <span
            className=""
          >
            John
             
          </span>
          <span
            className="u-fw-bold"
          >
            Doe
          </span>
        </p>
      </div>
      <div
        className="styles__TableCell___3vgVE styles__contact-email___2ol8_ u-ellipsis u-p-0"
        data-testid="ContactEmail"
      >
        johndoe@localhost
      </div>
      <div
        className="styles__TableCell___3vgVE styles__contact-phone___2fSrd u-ellipsis u-p-0"
        data-testid="ContactPhone"
      >
        0123456789
      </div>
      <div
        className="styles__TableCell___3vgVE styles__contact-cozyurl___V4Pb_ u-ellipsis u-p-0"
        data-testid="ContactCozy"
      >
        http://johndoe.mycozy.cloud
      </div>
    </li>
  </div>
</div>
`;
