// Jest Snapshot v1, https://goo.gl/fbAQLP

exports[`ContactLetterNav Should match the Letter nav snapshot 1`] = `
<ul
  className="ContactLetterNav"
>
  <li
    className="ContactLetterNav-letter"
    onClick={[Function]}
  >
    (
  </li>
  <li
    className="ContactLetterNav-letter"
    onClick={[Function]}
  >
    #
  </li>
  <li
    className="ContactLetterNav-letter"
    onClick={[Function]}
  >
    A
  </li>
  <li
    className="ContactLetterNav-letter"
    onClick={[Function]}
  >
    B
  </li>
  <li
    className="ContactLetterNav-letter"
    onClick={[Function]}
  >
    C
  </li>
  <li
    className="ContactLetterNav-letter"
    onClick={[Function]}
  >
    D
  </li>
  <li
    className="ContactLetterNav-letter"
    onClick={[Function]}
  >
    E
  </li>
  <li
    className="ContactLetterNav-letter"
    onClick={[Function]}
  >
    F
  </li>
  <li
    className="ContactLetterNav-letter"
    onClick={[Function]}
  >
    G
  </li>
  <li
    className="ContactLetterNav-letter"
    onClick={[Function]}
  >
    H
  </li>
  <li
    className="ContactLetterNav-letter"
    onClick={[Function]}
  >
    J
  </li>
  <li
    className="ContactLetterNav-letter"
    onClick={[Function]}
  >
    K
  </li>
  <li
    className="ContactLetterNav-letter"
    onClick={[Function]}
  >
    L
  </li>
  <li
    className="ContactLetterNav-letter"
    onClick={[Function]}
  >
    M
  </li>
  <li
    className="ContactLetterNav-letter"
    onClick={[Function]}
  >
    N
  </li>
  <li
    className="ContactLetterNav-letter"
    onClick={[Function]}
  >
    O
  </li>
  <li
    className="ContactLetterNav-letter"
    onClick={[Function]}
  >
    P
  </li>
  <li
    className="ContactLetterNav-letter"
    onClick={[Function]}
  >
    R
  </li>
  <li
    className="ContactLetterNav-letter"
    onClick={[Function]}
  >
    S
  </li>
  <li
    className="ContactLetterNav-letter"
    onClick={[Function]}
  >
    T
  </li>
  <li
    className="ContactLetterNav-letter"
    onClick={[Function]}
  >
    V
  </li>
  <li
    className="ContactLetterNav-letter"
    onClick={[Function]}
  >
    W
  </li>
  <li
    className="ContactLetterNav-letter"
    onClick={[Function]}
  >
    Y
  </li>
</ul>
`;
