// Jest Snapshot v1, https://goo.gl/fbAQLP

exports[`ContactRow should match the contact snapshot 1`] = `
<div
  className="contact"
  onClick={[Function]}
>
  <div
    className="contact-selection"
    onClick={[Function]}
  >
    <span
      data-input="checkbox"
    >
      <input
        checked={false}
        readOnly={true}
        type="checkbox"
      />
      <label />
    </span>
  </div>
  <div
    className="contact-identity"
  >
    <div
      className="styles__c-avatar___PpDI- styles__c-avatar--small___1Y_Pv"
      style={
        Object {
          "backgroundColor": "var(--brightSun)",
          "color": "white",
        }
      }
    >
      
      <span
        className="styles__c-avatar-initials___310qC"
      >
        JD
      </span>
    </div>
    <div
      className="u-ellipsis u-ml-1"
    >
      <span
        className=""
      >
        John
         
      </span>
      <span
        className="u-fw-bold"
      >
        Doe
         
      </span>
    </div>
  </div>
  <div
    className="contact-email u-ellipsis"
  >
    johndoe@localhost
  </div>
  <div
    className="contact-phone u-ellipsis"
  >
    0123456789
  </div>
  <div
    className="contact-cozyurl u-ellipsis"
  >
    http://johndoe.mycozy.cloud
  </div>
</div>
`;
