// Jest Snapshot v1, https://goo.gl/fbAQLP

exports[`ContactsFilters should display the filters with "Family" selected 1`] = `
<div
  className="filters-wrapper"
>
  <div>
    Sort by group : 
  </div>
  <button
    className="styles__c-btn___-2Vnj styles__c-btn--small___3ArkI styles__c-btn--center___16_Xh"
    onClick={[Function]}
    title={null}
    type="submit"
  >
    <span>
      <span
        className={null}
      >
        Family
      </span>
    </span>
  </button>
  <button
    className="styles__c-btn___-2Vnj styles__c-btn--secondary___3Br_N styles__c-btn--small___3ArkI styles__c-btn--center___16_Xh"
    onClick={[Function]}
    title={null}
    type="submit"
  >
    <span>
      <span
        className={null}
      >
        Work
      </span>
    </span>
  </button>
  <button
    className="styles__c-btn___-2Vnj styles__c-btn--secondary___3Br_N styles__c-btn--small___3ArkI styles__c-btn--center___16_Xh"
    onClick={[Function]}
    title={null}
    type="submit"
  >
    <span>
      <span
        className={null}
      >
        All
      </span>
    </span>
  </button>
</div>
`;

exports[`ContactsFilters should display the filters with "Work" selected 1`] = `
<div
  className="filters-wrapper"
>
  <div>
    Sort by group : 
  </div>
  <button
    className="styles__c-btn___-2Vnj styles__c-btn--secondary___3Br_N styles__c-btn--small___3ArkI styles__c-btn--center___16_Xh"
    onClick={[Function]}
    title={null}
    type="submit"
  >
    <span>
      <span
        className={null}
      >
        Family
      </span>
    </span>
  </button>
  <button
    className="styles__c-btn___-2Vnj styles__c-btn--small___3ArkI styles__c-btn--center___16_Xh"
    onClick={[Function]}
    title={null}
    type="submit"
  >
    <span>
      <span
        className={null}
      >
        Work
      </span>
    </span>
  </button>
  <button
    className="styles__c-btn___-2Vnj styles__c-btn--secondary___3Br_N styles__c-btn--small___3ArkI styles__c-btn--center___16_Xh"
    onClick={[Function]}
    title={null}
    type="submit"
  >
    <span>
      <span
        className={null}
      >
        All
      </span>
    </span>
  </button>
</div>
`;

exports[`ContactsFilters should display the filters with default filter selected 1`] = `
<div
  className="filters-wrapper"
>
  <div>
    Sort by group : 
  </div>
  <button
    className="styles__c-btn___-2Vnj styles__c-btn--secondary___3Br_N styles__c-btn--small___3ArkI styles__c-btn--center___16_Xh"
    onClick={[Function]}
    title={null}
    type="submit"
  >
    <span>
      <span
        className={null}
      >
        Family
      </span>
    </span>
  </button>
  <button
    className="styles__c-btn___-2Vnj styles__c-btn--secondary___3Br_N styles__c-btn--small___3ArkI styles__c-btn--center___16_Xh"
    onClick={[Function]}
    title={null}
    type="submit"
  >
    <span>
      <span
        className={null}
      >
        Work
      </span>
    </span>
  </button>
  <button
    className="styles__c-btn___-2Vnj styles__c-btn--small___3ArkI styles__c-btn--center___16_Xh"
    onClick={[Function]}
    title={null}
    type="submit"
  >
    <span>
      <span
        className={null}
      >
        All
      </span>
    </span>
  </button>
</div>
`;
