// Jest Snapshot v1, https://goo.gl/fbAQLP

exports[`ContactGroupList should match the contact snapshot 1`] = `
<div
  className="CozyTheme--light-normal u-dc"
>
  <div
    className="u-mb-2"
  >
    <h3
      className="u-title-h2 u-mt-1-half u-mb-1"
    >
      Foo
    </h3>
    <ol
      className="u-nolist u-m-0 u-p-0"
    >
      <li
        className="u-dib u-slateGrey u-fz-small u-p-half u-mr-half u-w-auto u-maw-6 u-bg-paleGrey u-ellipsis"
      >
        The A Team
      </li>
      <li
        className="u-dib u-slateGrey u-fz-small u-p-half u-mr-half u-w-auto u-maw-6 u-bg-paleGrey u-ellipsis"
      >
        The B Team
      </li>
    </ol>
  </div>
</div>
`;
