// Jest Snapshot v1, https://goo.gl/fbAQLP

exports[`ContactCard should match snapshot 1`] = `
<div>
  <div
    className="contact-card-identity"
  >
    <div
      className="styles__c-avatar___PpDI- styles__c-avatar--medium___hjYh_"
      style={
        Object {
          "backgroundColor": "#FD7461",
          "color": "white",
        }
      }
    >
      
      <span
        className="styles__c-avatar-initials___310qC"
      >
        RW
      </span>
    </div>
    <div
      className="contact-card-identity__infos"
    >
      <h1
        className="contact-card-identity__title"
      >
        Rikki  White
      </h1>
      <div
        className="contact-card-identity__groups"
      >
        <div
          className="css-1irp0at"
          onKeyDown={[Function]}
        >
          <button
            className="styles__c-btn___-2Vnj styles__c-btn--secondary___3Br_N styles__c-btn--small___3ArkI"
            onClick={[Function]}
            title={null}
            type="submit"
          >
            <span>
              <svg
                className="styles__icon___23x3R"
                height="16"
                style={
                  Object {
                    "fill": "#95999D",
                  }
                }
                width="16"
              >
                <use
                  xlinkHref="#icon-0"
                />
              </svg>
              <span
                className={null}
              >
                Manage groups
              </span>
              <svg
                className="group-manager__indicator styles__icon___23x3R"
                height="16"
                style={
                  Object {
                    "fill": "#95999D",
                  }
                }
                width="12"
              >
                <use
                  xlinkHref="#icon-0"
                />
              </svg>
            </span>
          </button>
        </div>
        <ol
          className="contact-groups-list"
        />
      </div>
    </div>
  </div>
  <div>
    <h3
      className="contact-fields-title"
    >
      title
    </h3>
    <ol
      className="contact-field-list"
    >
      <li>
        <div
          className="contact-field"
        >
          <div
            className="contact-field-icon"
          >
            <svg
              className="styles__icon___23x3R"
              height="16"
              style={
                Object {
                  "fill": "#95999D",
                }
              }
              width="16"
            >
              <use
                xlinkHref="#icon-0"
              />
            </svg>
          </div>
          <div>
            <div
              className="contact-field-value"
            >
              <a
                href="tel:+33 (1)9 14 02 28 31"
              >
                +33 (1)9 14 02 28 31
              </a>
            </div>
            <div
              className="contact-field-value"
            >
              <a
                href="tel:+33 (2)3 99 53 65 21"
              >
                +33 (2)3 99 53 65 21
              </a>
            </div>
          </div>
        </div>
      </li>
      <li>
        <div
          className="contact-field"
        >
          <div
            className="contact-field-icon"
          >
            <svg
              className="styles__icon___23x3R"
              height="16"
              style={
                Object {
                  "fill": "#95999D",
                }
              }
              width="16"
            >
              <use
                xlinkHref="#icon-0"
              />
            </svg>
          </div>
          <div>
            <div
              className="contact-field-value"
            >
              <a
                href="mailto:rikki.white@celmax.name"
              >
                rikki.white@celmax.name
              </a>
            </div>
            <div
              className="contact-field-value"
            >
              <a
                href="mailto:eleanore.fennell@thermolock.name"
              >
                eleanore.fennell@thermolock.name
              </a>
            </div>
          </div>
        </div>
      </li>
      <li>
        <div
          className="contact-field"
        >
          <div
            className="contact-field-icon"
          >
            <svg
              className="styles__icon___23x3R"
              height="16"
              style={
                Object {
                  "fill": "#95999D",
                }
              }
              width="16"
            >
              <use
                xlinkHref="#icon-0"
              />
            </svg>
          </div>
          <div>
            <div
              className="contact-field-value"
            >
              48 Fuller Road 06635 Stafford  Solomon Islands
            </div>
          </div>
        </div>
      </li>
      <li>
        <div
          className="contact-field"
        >
          <div
            className="contact-field-icon"
          >
            <svg
              className="styles__icon___23x3R"
              height="16"
              style={
                Object {
                  "fill": "#95999D",
                }
              }
              width="16"
            >
              <use
                xlinkHref="#icon-0"
              />
            </svg>
          </div>
          <div>
            <div
              className="contact-field-value"
            >
              1998-6-3
            </div>
          </div>
        </div>
      </li>
      <li>
        <div
          className="contact-field"
        >
          <div
            className="contact-field-icon"
          >
            <svg
              className="styles__icon___23x3R"
              height="16"
              style={
                Object {
                  "fill": "#95999D",
                }
              }
              width="16"
            >
              <use
                xlinkHref="#icon-0"
              />
            </svg>
          </div>
          <div>
            <div
              className="contact-field-value"
            >
              unsupportedField
            </div>
          </div>
        </div>
      </li>
    </ol>
  </div>
</div>
`;
