// Jest Snapshot v1, https://goo.gl/fbAQLP

exports[`ContactForm should match snapshot 1`] = `
<div>
  <form
    className="contact-form"
    onSubmit={[Function]}
  >
    <div
      className="contact-form__fields"
    >
      <div
        className="contact-form__field"
      >
        <label
          className="contact-form__label"
        >
          field.givenName
        </label>
        <div
          className="contact-form__inputs-wrapper"
        >
          <div
            className="contact-form__input-wrapper"
          >
            <input
              className="contact-form__input"
              name="givenName"
              onBlur={[Function]}
              onChange={[Function]}
              onFocus={[Function]}
              placeholder="placeholder.givenName"
              required={false}
              type="text"
              value=""
            />
          </div>
        </div>
      </div>
      <div
        className="contact-form__field"
      >
        <label
          className="contact-form__label"
        >
          field.familyName
        </label>
        <div
          className="contact-form__inputs-wrapper"
        >
          <div
            className="contact-form__input-wrapper"
          >
            <input
              className="contact-form__input"
              name="familyName"
              onBlur={[Function]}
              onChange={[Function]}
              onFocus={[Function]}
              placeholder="placeholder.familyName"
              required={true}
              type="text"
              value=""
            />
          </div>
        </div>
      </div>
      <div
        className="contact-form__field"
      >
        <label
          className="contact-form__label"
        >
          <svg
            className="contact-form__icon icon"
            height="16"
            style={
              Object {
                "fill": "#95999D",
              }
            }
            width="16"
          >
            <use
              xlinkHref="#icon-0"
            />
          </svg>
          field.phone
        </label>
        <div
          className="contact-form__inputs-wrapper"
        >
          <div
            className="contact-form__meta-wrapper"
          >
            <div
              className="contact-form__input-wrapper"
            >
              <input
                className="contact-form__input"
                name="phone[0].phone"
                onBlur={[Function]}
                onChange={[Function]}
                onFocus={[Function]}
                placeholder="placeholder.phone"
                required={false}
                type="tel"
                value=""
              />
            </div>
          </div>
        </div>
      </div>
      <div
        className="contact-form__field"
      >
        <label
          className="contact-form__label"
        >
          <svg
            className="contact-form__icon icon"
            height="16"
            style={
              Object {
                "fill": "#95999D",
              }
            }
            width="16"
          >
            <use
              xlinkHref="#icon-0"
            />
          </svg>
          field.email
        </label>
        <div
          className="contact-form__inputs-wrapper"
        >
          <div
            className="contact-form__meta-wrapper"
          >
            <div
              className="contact-form__input-wrapper"
            >
              <input
                className="contact-form__input"
                name="email[0].email"
                onBlur={[Function]}
                onChange={[Function]}
                onFocus={[Function]}
                placeholder="placeholder.email"
                required={false}
                type="email"
                value=""
              />
            </div>
          </div>
        </div>
      </div>
      <div
        className="contact-form__field"
      >
        <label
          className="contact-form__label"
        >
          <svg
            className="contact-form__icon icon"
            height="16"
            style={
              Object {
                "fill": "#95999D",
              }
            }
            width="16"
          >
            <use
              xlinkHref="#icon-0"
            />
          </svg>
          field.address
        </label>
        <div
          className="contact-form__inputs-wrapper"
        >
          <div
            className="contact-form__meta-wrapper"
          >
            <div
              className="contact-form__input-wrapper"
            >
              <input
                className="contact-form__input"
                name="address[0].address"
                onBlur={[Function]}
                onChange={[Function]}
                onFocus={[Function]}
                placeholder="placeholder.address"
                required={false}
                type="text"
                value=""
              />
            </div>
          </div>
        </div>
      </div>
      <div
        className="contact-form__field"
      >
        <label
          className="contact-form__label"
        >
          <svg
            className="contact-form__icon icon"
            height="16"
            style={
              Object {
                "fill": "#95999D",
              }
            }
            width="16"
          >
            <use
              xlinkHref="#icon-0"
            />
          </svg>
          field.cozy
        </label>
        <div
          className="contact-form__inputs-wrapper"
        >
          <div
            className="contact-form__input-wrapper"
          >
            <input
              className="contact-form__input"
              name="cozy"
              onBlur={[Function]}
              onChange={[Function]}
              onFocus={[Function]}
              placeholder="placeholder.cozy"
              required={false}
              type="url"
              value=""
            />
          </div>
        </div>
      </div>
      <div
        className="contact-form__field"
      >
        <label
          className="contact-form__label"
        >
          <svg
            className="contact-form__icon icon"
            height="16"
            style={
              Object {
                "fill": "#95999D",
              }
            }
            width="16"
          >
            <use
              xlinkHref="#icon-0"
            />
          </svg>
          field.company
        </label>
        <div
          className="contact-form__inputs-wrapper"
        >
          <div
            className="contact-form__input-wrapper"
          >
            <input
              className="contact-form__input"
              name="company"
              onBlur={[Function]}
              onChange={[Function]}
              onFocus={[Function]}
              placeholder="placeholder.company"
              required={false}
              type="text"
              value=""
            />
          </div>
        </div>
      </div>
      <div
        className="contact-form__field"
      >
        <label
          className="contact-form__label"
        >
          <svg
            className="contact-form__icon icon"
            height="16"
            style={
              Object {
                "fill": "#95999D",
              }
            }
            width="16"
          >
            <use
              xlinkHref="#icon-0"
            />
          </svg>
          field.birthday
        </label>
        <div
          className="contact-form__inputs-wrapper"
        >
          <div
            className="contact-form__input-wrapper"
          >
            <input
              className="contact-form__input"
              name="birthday"
              onBlur={[Function]}
              onChange={[Function]}
              onFocus={[Function]}
              placeholder="placeholder.birthday"
              required={false}
              type="date"
              value=""
            />
          </div>
        </div>
      </div>
      <div
        className="contact-form__field"
      >
        <label
          className="contact-form__label"
        >
          <svg
            className="contact-form__icon icon"
            height="16"
            style={
              Object {
                "fill": "#95999D",
              }
            }
            width="16"
          >
            <use
              xlinkHref="#icon-0"
            />
          </svg>
          field.note
        </label>
        <div
          className="contact-form__inputs-wrapper"
        >
          <div
            className="contact-form__input-wrapper"
          >
            <textarea
              className="contact-form__input"
              name="note"
              onBlur={[Function]}
              onChange={[Function]}
              onFocus={[Function]}
              placeholder="placeholder.note"
              required={false}
              type="textarea"
              value=""
            />
          </div>
        </div>
      </div>
    </div>
    <div
      className="contact-form__footer"
    >
      <div>
        <button
          className="c-btn c-btn--secondary"
          onClick={[Function]}
          role="button"
          type="button"
        >
          <span>
            <span>
              cancel
            </span>
          </span>
        </button>
        <button
          className="c-btn"
          role="button"
          type="submit"
        >
          <span>
            <span>
              save
            </span>
          </span>
        </button>
      </div>
    </div>
  </form>
</div>
`;

exports[`ContactForm should submit a well formatted contact 1`] = `
Object {
  "address": Array [
    Object {
      "formattedAddress": "18 rue des fleurs, Pecado",
      "primary": true,
      "type": undefined,
    },
  ],
  "birthday": "31/12/2015",
  "company": "Cozy CLoud",
  "cozy": Array [
    Object {
      "label": undefined,
      "primary": true,
      "url": "https://jcvd.cozy.cloud",
    },
  ],
  "email": Array [
    Object {
      "address": "jcvc@cozy.cloud",
      "primary": true,
      "type": undefined,
    },
  ],
  "fullname": "Jean-Claude Van Cozy",
  "groups": Array [],
  "metadata": Object {
    "cozy": true,
    "version": 1,
  },
  "name": Object {
    "familyName": "Van Cozy",
    "givenName": "Jean-Claude",
  },
  "note": "Whatever.",
  "phone": Array [
    Object {
      "number": "+33678987654",
      "primary": true,
      "type": undefined,
    },
  ],
}
`;

exports[`ContactForm should submit empty fields 1`] = `
Object {
  "address": Array [],
  "birthday": undefined,
  "company": undefined,
  "cozy": undefined,
  "email": Array [],
  "fullname": "",
  "groups": Array [],
  "metadata": Object {
    "cozy": true,
    "version": 1,
  },
  "name": Object {
    "familyName": undefined,
    "givenName": undefined,
  },
  "note": undefined,
  "phone": Array [],
}
`;
