// Jest Snapshot v1, https://goo.gl/fbAQLP

exports[`should match the snapshot 1`] = `
<div
  className="alphabet-navigation"
>
  <div
    className="alphabet-letter"
  >
    <button
      className="styles__IconButton___1LWwV"
      color="primary"
      disabled={true}
      onClick={[Function]}
      size="small"
    >
      A
    </button>
  </div>
  <div
    className="alphabet-letter"
  >
    <button
      className="styles__IconButton___1LWwV"
      color="primary"
      disabled={true}
      onClick={[Function]}
      size="small"
    >
      B
    </button>
  </div>
  <div
    className="alphabet-letter"
  >
    <button
      className="styles__IconButton___1LWwV"
      color="primary"
      disabled={true}
      onClick={[Function]}
      size="small"
    >
      C
    </button>
  </div>
  <div
    className="alphabet-letter"
  >
    <button
      className="styles__IconButton___1LWwV"
      color="primary"
      disabled={true}
      onClick={[Function]}
      size="small"
    >
      D
    </button>
  </div>
  <div
    className="alphabet-letter"
  >
    <button
      className="styles__IconButton___1LWwV"
      color="primary"
      disabled={true}
      onClick={[Function]}
      size="small"
    >
      E
    </button>
  </div>
  <div
    className="alphabet-letter"
  >
    <button
      className="styles__IconButton___1LWwV"
      color="primary"
      disabled={true}
      onClick={[Function]}
      size="small"
    >
      F
    </button>
  </div>
  <div
    className="alphabet-letter"
  >
    <button
      className="styles__IconButton___1LWwV"
      color="primary"
      disabled={true}
      onClick={[Function]}
      size="small"
    >
      G
    </button>
  </div>
  <div
    className="alphabet-letter"
  >
    <button
      className="styles__IconButton___1LWwV"
      color="primary"
      disabled={true}
      onClick={[Function]}
      size="small"
    >
      H
    </button>
  </div>
  <div
    className="alphabet-letter"
  >
    <button
      className="styles__IconButton___1LWwV"
      color="primary"
      disabled={true}
      onClick={[Function]}
      size="small"
    >
      I
    </button>
  </div>
  <div
    className="alphabet-letter"
  >
    <button
      className="styles__IconButton___1LWwV"
      color="primary"
      disabled={true}
      onClick={[Function]}
      size="small"
    >
      J
    </button>
  </div>
  <div
    className="alphabet-letter"
  >
    <button
      className="styles__IconButton___1LWwV"
      color="primary"
      disabled={true}
      onClick={[Function]}
      size="small"
    >
      K
    </button>
  </div>
  <div
    className="alphabet-letter"
  >
    <button
      className="styles__IconButton___1LWwV"
      color="primary"
      disabled={true}
      onClick={[Function]}
      size="small"
    >
      L
    </button>
  </div>
  <div
    className="alphabet-letter"
  >
    <button
      className="styles__IconButton___1LWwV"
      color="primary"
      disabled={true}
      onClick={[Function]}
      size="small"
    >
      M
    </button>
  </div>
  <div
    className="alphabet-letter"
  >
    <button
      className="styles__IconButton___1LWwV"
      color="primary"
      disabled={true}
      onClick={[Function]}
      size="small"
    >
      N
    </button>
  </div>
  <div
    className="alphabet-letter"
  >
    <button
      className="styles__IconButton___1LWwV"
      color="primary"
      disabled={true}
      onClick={[Function]}
      size="small"
    >
      O
    </button>
  </div>
  <div
    className="alphabet-letter"
  >
    <button
      className="styles__IconButton___1LWwV"
      color="primary"
      disabled={true}
      onClick={[Function]}
      size="small"
    >
      P
    </button>
  </div>
  <div
    className="alphabet-letter"
  >
    <button
      className="styles__IconButton___1LWwV"
      color="primary"
      disabled={true}
      onClick={[Function]}
      size="small"
    >
      Q
    </button>
  </div>
  <div
    className="alphabet-letter"
  >
    <button
      className="styles__IconButton___1LWwV"
      color="primary"
      disabled={true}
      onClick={[Function]}
      size="small"
    >
      R
    </button>
  </div>
  <div
    className="alphabet-letter"
  >
    <button
      className="styles__IconButton___1LWwV"
      color="primary"
      disabled={true}
      onClick={[Function]}
      size="small"
    >
      S
    </button>
  </div>
  <div
    className="alphabet-letter"
  >
    <button
      className="styles__IconButton___1LWwV"
      color="primary"
      disabled={true}
      onClick={[Function]}
      size="small"
    >
      T
    </button>
  </div>
  <div
    className="alphabet-letter"
  >
    <button
      className="styles__IconButton___1LWwV"
      color="primary"
      disabled={true}
      onClick={[Function]}
      size="small"
    >
      U
    </button>
  </div>
  <div
    className="alphabet-letter"
  >
    <button
      className="styles__IconButton___1LWwV"
      color="primary"
      disabled={true}
      onClick={[Function]}
      size="small"
    >
      V
    </button>
  </div>
  <div
    className="alphabet-letter"
  >
    <button
      className="styles__IconButton___1LWwV"
      color="primary"
      disabled={true}
      onClick={[Function]}
      size="small"
    >
      W
    </button>
  </div>
  <div
    className="alphabet-letter"
  >
    <button
      className="styles__IconButton___1LWwV"
      color="primary"
      disabled={true}
      onClick={[Function]}
      size="small"
    >
      X
    </button>
  </div>
  <div
    className="alphabet-letter"
  >
    <button
      className="styles__IconButton___1LWwV"
      color="primary"
      disabled={true}
      onClick={[Function]}
      size="small"
    >
      Y
    </button>
  </div>
  <div
    className="alphabet-letter"
  >
    <button
      className="styles__IconButton___1LWwV"
      color="primary"
      disabled={true}
      onClick={[Function]}
      size="small"
    >
      Z
    </button>
  </div>
</div>
`;
